// Jest Snapshot v1, https://goo.gl/fbAQLP

exports[`pipeline-config should return the correct config for feature-dev 1`] = `
{
  "env": {
    "account": "44444444444",
    "region": "us-west-1",
  },
  "stageName": "dev",
  "stateful": {
    "bucketName": "serverless-pro-feature-dev-bucket-44444444444",
  },
  "stateless": {
    "lambdaMemorySize": 128,
  },
}
`;

exports[`pipeline-config should return the correct config for prod 1`] = `
{
  "env": {
    "account": "33333333333",
    "region": "us-east-1",
  },
  "stageName": "prod",
  "stateful": {
    "bucketName": "serverless-pro-prod-bucket-33333333333",
  },
  "stateless": {
    "lambdaMemorySize": 1024,
  },
}
`;

exports[`pipeline-config should return the correct config for staging 1`] = `
{
  "env": {
    "account": "22222222222",
    "region": "us-east-2",
  },
  "stageName": "staging",
  "stateful": {
    "bucketName": "serverless-pro-staging-bucket-22222222222",
  },
  "stateless": {
    "lambdaMemorySize": 512,
  },
}
`;
